Microchip MPLAB XC8 Compiler V1.37 ()

Linker command line:

--edf=C:\Program Files (x86)\Microchip\xc8\v1.37\dat\en_msgs.txt -cs \
  -h+dist/default/production\aditum.production.sym \
  --cmf=dist/default/production\aditum.production.cmf -z -Q18F45K20 \
  -oC:\Users\ADMINI~1\AppData\Local\Temp\s6qs.2 \
  -Mdist/default/production/aditum.production.map -E1 -ver=XC8 \
  -ASTACK=0163h-05ffh -pstack=STACK -ACODE=00h-07FFFh -ACONST=00h-07FFFh \
  -ASMALLCONST=0600h-06FFhx122 -AMEDIUMCONST=0600h-07FFFh -ACOMRAM=01h-05Fh \
  -AABS1=00h-05FFh -ABIGRAM=01h-05FFh -ARAM=060h-0FFh,0100h-01FFhx5 \
  -ABANK0=060h-0FFh -ABANK1=0100h-01FFh -ABANK2=0200h-02FFh \
  -ABANK3=0300h-03FFh -ABANK4=0400h-04FFh -ABANK5=0500h-05FFh \
  -ASFR=0F60h-0FFFh \
  -preset_vec=00h,intcode=08h,intcodelo,powerup,init,end_init \
  -pramtop=0600h -psmallconst=SMALLCONST -pmediumconst=MEDIUMCONST \
  -pconst=CONST -AFARRAM=00h-00h -ACONFIG=0300000h-030000Dh -pconfig=CONFIG \
  -AIDLOC=0200000h-0200007h -pidloc=IDLOC -AEEDATA=0F00000h-0F000FFh \
  -peeprom_data=EEDATA \
  -prdata=COMRAM,nvrram=COMRAM,nvbit=COMRAM,rbss=COMRAM,rbit=COMRAM \
  -pfarbss=FARRAM,fardata=FARRAM,nvFARRAM=FARRAM \
  -pintsave_regs=BIGRAM,bigbss=BIGRAM,bigdata=BIGRAM -pbss=RAM \
  -pidata=CODE,irdata=CODE,ibigdata=CODE,ifardata=CODE -prparam=COMRAM \
  C:\Users\ADMINI~1\AppData\Local\Temp\s6qs.obj \
  dist/default/production\aditum.production.obj 

Object code version is 3.11

Machine type is 18F45K20

Call graph: (short form)




                Name                               Link     Load   Length Selector   Space Scale
C:\Users\ADMINI~1\AppData\Local\Temp\s6qs.obj
                end_init                             FE       FE        4        4       0
                reset_vec                             0        0        4        0       0
                idloc                            200000   200000        8   200000       0
                config                           300000   300000        E   300000       0
dist/default/production\aditum.production.obj
                eeprom_data                      F00000   F00000        8   F00000       0
                intcode                               8        8       F6        4       0
                temp                                 50       50        1        1       1
                mediumconst                        7EC2     7EC2      13E     3F61       0
                text18                             1A1E     1A1E       2C        4       0
                text17                             1ACE     1ACE       18      D67       0
                text16                             1772     1772       78        4       0
                text15                             1670     1670       84        4       0
                text14                             14E0     14E0       EC        4       0
                text13                             1AE6     1AE6       14      D67       0
                text12                             18AE     18AE       52        4       0
                text11                             1A70     1A70       24        4       0
                text10                             15CC     15CC       A4        4       0
                text9                              1988     1988       38        4       0
                text8                              1A94     1A94       20        4       0
                text7                              1900     1900       50        4       0
                text6                              1950     1950       38        4       0
                text5                              17EA     17EA       72        4       0
                text4                              185C     185C       52        4       0
                text3                              1A4A     1A4A       26        4       0
                text2                              1374     1374      16C        4       0
                text1                               BF4      BF4      780        4       0
                text0                               102      102      AF2        4       0
                cstackCOMRAM                          1        1       34        1       1
                cstackBANK0                          8E       8E       2C       60       1
                cstackBANK1                         100      100       33      100       1
                dataBANK1                           133      133       30      100       1
                dataBANK0                            60       60       2E       60       1
                bssBANK0                             BA       BA       14       60       1
                dataCOMRAM                           35       35       19        1       1
                bssCOMRAM                            4E       4E        2        1       1
                cinit                              16F4     16F4       7E        4       0
                nvBANK0                              CE       CE        2       60       1
                idataBANK1                         19C0     19C0       30        4       0
                idataBANK0                         19F0     19F0       2E        4       0
                idataCOMRAM                        1AB4     1AB4       19        4       0

TOTAL           Name                               Link     Load   Length     Space
        CLASS   STACK          

        CLASS   CODE           
                end_init                             FE       FE        4         0
                intcode                               8        8       F6         0
                reset_vec                             0        0        4         0
                text18                             1A1E     1A1E       2C         0
                text17                             1ACE     1ACE       18         0
                text16                             1772     1772       78         0
                text15                             1670     1670       84         0
                text14                             14E0     14E0       EC         0
                text13                             1AE6     1AE6       14         0
                text12                             18AE     18AE       52         0
                text11                             1A70     1A70       24         0
                text10                             15CC     15CC       A4         0
                text9                              1988     1988       38         0
                text8                              1A94     1A94       20         0
                text7                              1900     1900       50         0
                text6                              1950     1950       38         0
                text5                              17EA     17EA       72         0
                text4                              185C     185C       52         0
                text3                              1A4A     1A4A       26         0
                text2                              1374     1374      16C         0
                text1                               BF4      BF4      780         0
                text0                               102      102      AF2         0
                cinit                              16F4     16F4       7E         0
                idataBANK1                         19C0     19C0       30         0
                idataBANK0                         19F0     19F0       2E         0
                idataCOMRAM                        1AB4     1AB4       19         0

        CLASS   CONST          

        CLASS   SMALLCONST     

        CLASS   MEDIUMCONST    
                mediumconst                        7EC2     7EC2      13E         0

        CLASS   COMRAM         
                temp                                 50       50        1         1
                cstackCOMRAM                          1        1       34         1
                dataCOMRAM                           35       35       19         1
                bssCOMRAM                            4E       4E        2         1

        CLASS   ABS1           

        CLASS   BIGRAM         

        CLASS   RAM            

        CLASS   BANK0          
                cstackBANK0                          8E       8E       2C         1
                dataBANK0                            60       60       2E         1
                bssBANK0                             BA       BA       14         1
                nvBANK0                              CE       CE        2         1

        CLASS   BANK1          
                cstackBANK1                         100      100       33         1
                dataBANK1                           133      133       30         1

        CLASS   BANK2          

        CLASS   BANK3          

        CLASS   BANK4          

        CLASS   BANK5          

        CLASS   SFR            

        CLASS   FARRAM         

        CLASS   CONFIG         
                config                           300000   300000        E         0

        CLASS   IDLOC          
                idloc                            200000   200000        8         0

        CLASS   EEDATA         
                eeprom_data                      F00000   F00000        8         0



SEGMENTS        Name                           Load    Length   Top    Selector   Space  Class

                reset_vec                      000000  000004  000004         0       0  CODE    
                cstackCOMRAM                   000001  000050  000051         1       1  COMRAM  
                intcode                        000008  001AC5  001ACD         4       0  CODE    
                dataBANK0                      000060  000070  0000D0        60       1  BANK0   
                cstackBANK1                    000100  000063  000163       100       1  BANK1   
                text17                         001ACE  00002C  001AFA       D67       0  CODE    
                mediumconst                    007EC2  00013E  008000      3F61       0  MEDIUMCO
                idloc                          200000  000008  200008    200000       0  IDLOC   
                config                         300000  00000E  30000E    300000       0  CONFIG  
                eeprom_data                    F00000  000008  F00008    F00000       0  EEDATA  


UNUSED ADDRESS RANGES

        Name                Unused          Largest block    Delta
        BANK0            0000D0-0000FF               30
        BANK1            000163-0001FF               9D
        BANK2            000200-0002FF              100
        BANK3            000300-0003FF              100
        BANK4            000400-0004FF              100
        BANK5            000500-0005FF              100
        BIGRAM           000051-00005F                F
                         0000D0-0000FF               30
                         000163-0005FF              49D
        CODE             000004-000007                4
                         001ACD-001ACD                1
                         001AFA-007EC1             63C8
        COMRAM           000051-00005F                F
        CONST            000004-000007                4
                         001ACD-001ACD                1
                         001AFA-007EC1             63C8
        EEDATA           F00008-F000FF               F8
        MEDIUMCONST      001ACD-001ACD                1
                         001AFA-007EC1             63C8
        RAM              0000D0-0000FF               30
                         000163-0005FF              100
        SFR              000F60-000FFF               A0
        SMALLCONST       001ACD-001ACD                1
                         001AFA-007EC1              100
        STACK            000163-0005FF              49D

                                  Symbol Table

?___awdiv                      cstackCOMRAM 000010
?___lwdiv                      cstackCOMRAM 000010
?___wmul                       cstackCOMRAM 000017
Eeprom_Read_Byte@address       cstackCOMRAM 000010
Eeprom_Write_Byte@address      cstackCOMRAM 000011
Eeprom_Write_Byte@data         cstackCOMRAM 000010
ISR@sspBuf                     cstackCOMRAM 00000F
Lcd_Cmd@a                      cstackCOMRAM 000011
Lcd_Port@a                     cstackCOMRAM 000010
Lcd_Set_Cursor@a               cstackCOMRAM 000013
Lcd_Set_Cursor@b               cstackCOMRAM 000012
Lcd_Set_Cursor@temp            cstackCOMRAM 000016
Lcd_Set_Cursor@y               cstackCOMRAM 000015
Lcd_Set_Cursor@z               cstackCOMRAM 000014
Lcd_Write_Char@a               cstackCOMRAM 000013
Lcd_Write_Char@temp            cstackCOMRAM 000011
Lcd_Write_Char@y               cstackCOMRAM 000012
Lcd_Write_String@a             cstackCOMRAM 000014
Lcd_Write_String@i             cstackCOMRAM 000018
_EEADR                         (abs)        000FA9
_EECON1bits                    (abs)        000FA6
_EECON2                        (abs)        000FA7
_EEDATA                        (abs)        000FA8
_EEP_I2C_ADDR                  bssBANK0     0000CC
_Eeprom_Read_Byte              text13       001AE6
_Eeprom_Write_Byte             text11       001A70
_I2C_ADDR                      nvBANK0      0000CE
_INTCONbits                    (abs)        000FF2
_ISR                           intcode      000008
_LATC                          (abs)        000F8B
_LATDbits                      (abs)        000F8C
_Lcd_Clear                     text8        001A94
_Lcd_Cmd                       text17       001ACE
_Lcd_Init                      text16       001772
_Lcd_Port                      text18       001A1E
_Lcd_Set_Cursor                text7        001900
_Lcd_Write_Char                text6        001950
_Lcd_Write_String              text5        0017EA
_Machine_ID                    nvBANK0      0000CF
_OSCCON                        (abs)        000FD3
_OSCTUNEbits                   (abs)        000F9B
_PIE1bits                      (abs)        000F9D
_PIR1bits                      (abs)        000F9E
_PIR2bits                      (abs)        000FA1
_PORTB                         (abs)        000F81
_PORTBbits                     (abs)        000F81
_PORTDbits                     (abs)        000F83
_SSPADD                        (abs)        000FC8
_SSPBUF                        (abs)        000FC9
_SSPCON1                       (abs)        000FC6
_SSPCON1bits                   (abs)        000FC6
_SSPCON2                       (abs)        000FC5
_SSPSTAT                       (abs)        000FC7
_SSPSTATbits                   (abs)        000FC7
_TRISA                         (abs)        000F92
_TRISB                         (abs)        000F93
_TRISC                         (abs)        000F94
_TRISD                         (abs)        000F95
__CFG_BOREN$SBORDIS            (abs)        000000
__CFG_BORV$30                  (abs)        000000
__CFG_CCP2MX$PORTC             (abs)        000000
__CFG_CP0$OFF                  (abs)        000000
__CFG_CP1$OFF                  (abs)        000000
__CFG_CP2$OFF                  (abs)        000000
__CFG_CP3$OFF                  (abs)        000000
__CFG_CPB$OFF                  (abs)        000000
__CFG_CPD$OFF                  (abs)        000000
__CFG_EBTR0$OFF                (abs)        000000
__CFG_EBTR1$OFF                (abs)        000000
__CFG_EBTR2$OFF                (abs)        000000
__CFG_EBTR3$OFF                (abs)        000000
__CFG_EBTRB$OFF                (abs)        000000
__CFG_FCMEN$OFF                (abs)        000000
__CFG_FOSC$INTIO67             (abs)        000000
__CFG_HFOFST$ON                (abs)        000000
__CFG_IESO$OFF                 (abs)        000000
__CFG_LPT1OSC$OFF              (abs)        000000
__CFG_LVP$OFF                  (abs)        000000
__CFG_MCLRE$ON                 (abs)        000000
__CFG_PBADEN$OFF               (abs)        000000
__CFG_PWRT$OFF                 (abs)        000000
__CFG_STVREN$ON                (abs)        000000
__CFG_WDTEN$OFF                (abs)        000000
__CFG_WDTPS$32768              (abs)        000000
__CFG_WRT0$OFF                 (abs)        000000
__CFG_WRT1$OFF                 (abs)        000000
__CFG_WRT2$OFF                 (abs)        000000
__CFG_WRT3$OFF                 (abs)        000000
__CFG_WRTB$OFF                 (abs)        000000
__CFG_WRTC$OFF                 (abs)        000000
__CFG_WRTD$OFF                 (abs)        000000
__CFG_XINST$OFF                (abs)        000000
__HRAM                         (abs)        000000
__Habs1                        abs1         000000
__Hbank0                       bank0        000000
__Hbank1                       bank1        000000
__Hbank2                       bank2        000000
__Hbank3                       bank3        000000
__Hbank4                       bank4        000000
__Hbank5                       bank5        000000
__Hbigbss                      bigbss       000000
__Hbigdata                     bigdata      000000
__Hbigram                      bigram       000000
__Hbss                         bss          000000
__HbssBANK0                    bssBANK0     000000
__HbssCOMRAM                   bssCOMRAM    000000
__Hcinit                       cinit        000000
__Hclrtext                     clrtext      000000
__Hcomram                      comram       000000
__Hconfig                      config       30000E
__Hconst                       const        000000
__HcstackBANK0                 cstackBANK0  000000
__HcstackBANK1                 cstackBANK1  000000
__HcstackCOMRAM                cstackCOMRAM 000000
__Hdata                        data         000000
__HdataBANK0                   dataBANK0    000000
__HdataBANK1                   dataBANK1    000000
__HdataCOMRAM                  dataCOMRAM   000000
__Heeprom_data                 eeprom_data  F00008
__Hend_init                    end_init     000102
__Hfarbss                      farbss       000000
__Hfardata                     fardata      000000
__Hibigdata                    ibigdata     000000
__Hidata                       idata        000000
__HidataBANK0                  idataBANK0   000000
__HidataBANK1                  idataBANK1   000000
__HidataCOMRAM                 idataCOMRAM  000000
__Hidloc                       idloc        200008
__Hifardata                    ifardata     000000
__Hinit                        init         0000FE
__Hintcode                     intcode      0000FE
__Hintcode_body                intcode_body 000000
__Hintcodelo                   intcodelo    0000FE
__Hintentry                    intentry     000000
__Hintret                      intret       000000
__Hintsave_regs                intsave_regs 000000
__Hirdata                      irdata       000000
__Hmediumconst                 mediumconst  008000
__HnvBANK0                     nvBANK0      000000
__HnvFARRAM                    nvFARRAM     000000
__Hnvbit                       nvbit        000000
__Hnvrram                      nvrram       000000
__Hparam                       rparam       000000
__Hpowerup                     powerup      0000FE
__Hram                         ram          000000
__Hramtop                      ramtop       000600
__Hrbit                        rbit         000000
__Hrbss                        rbss         000000
__Hrdata                       rdata        000000
__Hreset_vec                   reset_vec    000004
__Hrparam                      rparam       000000
__Hsfr                         sfr          000000
__Hsmallconst                  smallconst   000000
__Hspace_0                     (abs)        F00008
__Hspace_1                     (abs)        000163
__Hspace_2                     (abs)        000000
__Hstack                       stack        000000
__Hstruct                      struct       000000
__Htemp                        temp         000051
__Htext                        text         000000
__Htext0                       text0        000000
__Htext1                       text1        000000
__Htext10                      text10       000000
__Htext11                      text11       000000
__Htext12                      text12       000000
__Htext13                      text13       000000
__Htext14                      text14       000000
__Htext15                      text15       000000
__Htext16                      text16       000000
__Htext17                      text17       000000
__Htext18                      text18       000000
__Htext2                       text2        000000
__Htext3                       text3        000000
__Htext4                       text4        000000
__Htext5                       text5        000000
__Htext6                       text6        000000
__Htext7                       text7        000000
__Htext8                       text8        000000
__Htext9                       text9        000000
__LRAM                         (abs)        000001
__Labs1                        abs1         000000
__Lbank0                       bank0        000000
__Lbank1                       bank1        000000
__Lbank2                       bank2        000000
__Lbank3                       bank3        000000
__Lbank4                       bank4        000000
__Lbank5                       bank5        000000
__Lbigbss                      bigbss       000000
__Lbigdata                     bigdata      000000
__Lbigram                      bigram       000000
__Lbss                         bss          000000
__LbssBANK0                    bssBANK0     000000
__LbssCOMRAM                   bssCOMRAM    000000
__Lcinit                       cinit        000000
__Lclrtext                     clrtext      000000
__Lcomram                      comram       000000
__Lconfig                      config       300000
__Lconst                       const        000000
__LcstackBANK0                 cstackBANK0  000000
__LcstackBANK1                 cstackBANK1  000000
__LcstackCOMRAM                cstackCOMRAM 000000
__Ldata                        data         000000
__LdataBANK0                   dataBANK0    000000
__LdataBANK1                   dataBANK1    000000
__LdataCOMRAM                  dataCOMRAM   000000
__Leeprom_data                 eeprom_data  F00000
__Lend_init                    end_init     0000FE
__Lfarbss                      farbss       000000
__Lfardata                     fardata      000000
__Libigdata                    ibigdata     000000
__Lidata                       idata        000000
__LidataBANK0                  idataBANK0   000000
__LidataBANK1                  idataBANK1   000000
__LidataCOMRAM                 idataCOMRAM  000000
__Lidloc                       idloc        200000
__Lifardata                    ifardata     000000
__Linit                        init         0000FE
__Lintcode                     intcode      000008
__Lintcode_body                intcode_body 000000
__Lintcodelo                   intcodelo    0000FE
__Lintentry                    intentry     000000
__Lintret                      intret       000000
__Lintsave_regs                intsave_regs 000000
__Lirdata                      irdata       000000
__Lmediumconst                 mediumconst  007EC2
__LnvBANK0                     nvBANK0      000000
__LnvFARRAM                    nvFARRAM     000000
__Lnvbit                       nvbit        000000
__Lnvrram                      nvrram       000000
__Lparam                       rparam       000000
__Lpowerup                     powerup      0000FE
__Lram                         ram          000000
__Lramtop                      ramtop       000600
__Lrbit                        rbit         000000
__Lrbss                        rbss         000000
__Lrdata                       rdata        000000
__Lreset_vec                   reset_vec    000000
__Lrparam                      rparam       000000
__Lsfr                         sfr          000000
__Lsmallconst                  smallconst   000000
__Lspace_0                     (abs)        000000
__Lspace_1                     (abs)        000000
__Lspace_2                     (abs)        000000
__Lstack                       stack        000000
__Lstruct                      struct       000000
__Ltemp                        temp         000050
__Ltext                        text         000000
__Ltext0                       text0        000000
__Ltext1                       text1        000000
__Ltext10                      text10       000000
__Ltext11                      text11       000000
__Ltext12                      text12       000000
__Ltext13                      text13       000000
__Ltext14                      text14       000000
__Ltext15                      text15       000000
__Ltext16                      text16       000000
__Ltext17                      text17       000000
__Ltext18                      text18       000000
__Ltext2                       text2        000000
__Ltext3                       text3        000000
__Ltext4                       text4        000000
__Ltext5                       text5        000000
__Ltext6                       text6        000000
__Ltext7                       text7        000000
__Ltext8                       text8        000000
__Ltext9                       text9        000000
__S0                           (abs)        F00008
__S1                           (abs)        000163
__S2                           (abs)        000000
___awdiv                       text15       001670
___awdiv@counter               cstackCOMRAM 000014
___awdiv@dividend              cstackCOMRAM 000010
___awdiv@divisor               cstackCOMRAM 000012
___awdiv@quotient              cstackCOMRAM 000016
___awdiv@sign                  cstackCOMRAM 000015
___inthi_sp                    stack        000000
___intlo_sp                    stack        000000
___lwdiv                       text4        00185C
___lwdiv@counter               cstackCOMRAM 000014
___lwdiv@dividend              cstackCOMRAM 000010
___lwdiv@divisor               cstackCOMRAM 000012
___lwdiv@quotient              cstackCOMRAM 000015
___param_bank                  (abs)        000010
___rparam_used                 (abs)        000001
___sp                          stack        000000
___wmul                        text3        001A4A
___wmul@multiplicand           cstackCOMRAM 000019
___wmul@multiplier             cstackCOMRAM 000017
___wmul@product                cstackCOMRAM 00001B
__accesstop                    (abs)        000060
__activetblptr                 (abs)        000002
__end_of_Eeprom_Read_Byte      text13       001AFA
__end_of_Eeprom_Write_Byte     text11       001A94
__end_of_ISR                   intcode      0000FE
__end_of_Lcd_Clear             text8        001AB4
__end_of_Lcd_Cmd               text17       001AE6
__end_of_Lcd_Init              text16       0017EA
__end_of_Lcd_Port              text18       001A4A
__end_of_Lcd_Set_Cursor        text7        001950
__end_of_Lcd_Write_Char        text6        001988
__end_of_Lcd_Write_String      text5        00185C
__end_of___awdiv               text15       0016F4
__end_of___lwdiv               text4        0018AE
__end_of___wmul                text3        001A70
__end_of__initialization       cinit        001764
__end_of_latch_keypad          text9        0019C0
__end_of_load_i2c_registers    text14       0015CC
__end_of_main                  text0        000BF4
__end_of_mcu_initialise        text12       001900
__end_of_menu_progress_bar     text2        0014E0
__end_of_read_keypad           text10       001670
__end_of_start_routine         text1        001374
__initialization               cinit        0016F4
__mediumconst                  mediumconst  007EC2
__pbssBANK0                    bssBANK0     0000BA
__pbssCOMRAM                   bssCOMRAM    00004E
__pcinit                       cinit        0016F4
__pcstackBANK0                 cstackBANK0  00008E
__pcstackBANK1                 cstackBANK1  000100
__pcstackCOMRAM                cstackCOMRAM 000001
__pdataBANK0                   dataBANK0    000060
__pdataBANK1                   dataBANK1    000133
__pdataCOMRAM                  dataCOMRAM   000035
__pidataBANK0                  idataBANK0   0019F0
__pidataBANK1                  idataBANK1   0019C0
__pidataCOMRAM                 idataCOMRAM  001AB4
__pintcode                     intcode      000008
__pmediumconst                 mediumconst  007EC2
__pnvBANK0                     nvBANK0      0000CE
__ptext0                       text0        000102
__ptext1                       text1        000BF4
__ptext10                      text10       0015CC
__ptext11                      text11       001A70
__ptext12                      text12       0018AE
__ptext13                      text13       001AE6
__ptext14                      text14       0014E0
__ptext15                      text15       001670
__ptext16                      text16       001772
__ptext17                      text17       001ACE
__ptext18                      text18       001A1E
__ptext2                       text2        001374
__ptext3                       text3        001A4A
__ptext4                       text4        00185C
__ptext5                       text5        0017EA
__ptext6                       text6        001950
__ptext7                       text7        001900
__ptext8                       text8        001A94
__ptext9                       text9        001988
__ramtop                       ramtop       000600
__size_of_Eeprom_Read_Byte     (abs)        000000
__size_of_Eeprom_Write_Byte    (abs)        000000
__size_of_ISR                  (abs)        000000
__size_of_Lcd_Clear            (abs)        000000
__size_of_Lcd_Cmd              (abs)        000000
__size_of_Lcd_Init             (abs)        000000
__size_of_Lcd_Port             (abs)        000000
__size_of_Lcd_Set_Cursor       (abs)        000000
__size_of_Lcd_Write_Char       (abs)        000000
__size_of_Lcd_Write_String     (abs)        000000
__size_of___awdiv              (abs)        000000
__size_of___lwdiv              (abs)        000000
__size_of___wmul               (abs)        000000
__size_of_latch_keypad         (abs)        000000
__size_of_load_i2c_registers   (abs)        000000
__size_of_main                 (abs)        000000
__size_of_mcu_initialise       (abs)        000000
__size_of_menu_progress_bar    (abs)        000000
__size_of_read_keypad          (abs)        000000
__size_of_start_routine        (abs)        000000
__smallconst                   smallconst   000000
_c                             dataBANK0    000080
_credentials_accepted          bssBANK0     0000CD
_current_pin                   bssBANK0     0000BA
_current_user                  bssBANK0     0000C3
_hx                            dataBANK1    000153
_i2c_byte_count                bssCOMRAM    00004E
_i2c_r_reg                     dataBANK0    000060
_i2c_reg_addr                  bssCOMRAM    00004F
_i2c_w_reg                     dataBANK1    000133
_latch_keypad                  text9        001988
_load_i2c_registers            text14       0014E0
_main                          text0        000102
_mcu_initialise                text12       0018AE
_menu_progress_bar             text2        001374
_read_keypad                   text10       0015CC
_start_routine                 text1        000BF4
btemp                          temp         000050
end_of_initialization          cinit        001764
int$flags                      temp         000050
intlevel0                      text         000000
intlevel1                      text         000000
intlevel2                      text         000000
intlevel3                      text         000000
latch_keypad@x                 cstackCOMRAM 000010
load_i2c_registers@checksum    cstackCOMRAM 00001C
load_i2c_registers@i           cstackCOMRAM 000020
load_i2c_registers@i_840       cstackCOMRAM 000022
load_i2c_registers@i_842       cstackCOMRAM 00001E
main@F3679                     dataCOMRAM   000035
main@F3695                     dataBANK0    00008D
main@a                         cstackBANK1  000120
main@buffer                    cstackBANK1  00010A
main@c                         cstackBANK1  000100
main@credential_state          cstackBANK1  00011F
main@digits                    cstackBANK1  00012F
main@i                         cstackBANK1  000125
main@i_766                     cstackBANK1  00012B
main@i_769                     cstackBANK1  000116
main@i_770                     cstackBANK1  000127
main@i_776                     cstackBANK1  000121
main@i_785                     cstackBANK1  000123
main@i_789                     cstackBANK1  000118
main@i_792                     cstackBANK1  00011A
main@i_796                     cstackBANK1  00011C
main@i_799                     cstackBANK1  000129
main@i_800                     cstackBANK1  000113
main@i_804                     cstackBANK1  00012D
main@is_leading_zero           cstackBANK1  00011E
main@n                         cstackBANK1  000131
main@n_c                       cstackBANK1  000115
main@p                         cstackBANK1  000130
main@x                         cstackBANK1  000132
menu_main@F3618                dataCOMRAM   000049
menu_progress_bar@d            cstackCOMRAM 000023
menu_progress_bar@i            cstackCOMRAM 000029
menu_progress_bar@i_722        cstackCOMRAM 00002B
menu_progress_bar@i_723        cstackCOMRAM 00002D
menu_progress_bar@i_724        cstackCOMRAM 00002F
menu_progress_bar@ii           cstackCOMRAM 000027
menu_progress_bar@load_time_ms cstackCOMRAM 00001D
menu_seconds_to_mmss@F3627     dataCOMRAM   00003F
stackhi                        (abs)        0005FF
stacklo                        (abs)        000163
start                          init         0000FE
start_initialization           cinit        0016F4
start_routine@F3723            dataBANK0    00008A
start_routine@I2C_new_ADDR     cstackBANK0  0000A7
start_routine@a                cstackBANK0  0000AA
start_routine@b                cstackBANK0  0000A0
start_routine@d1               cstackBANK0  000092
start_routine@dh               cstackBANK0  0000AE
start_routine@dt               cstackBANK0  0000AB
start_routine@error_msg        cstackBANK0  000090
start_routine@h                cstackBANK0  00008E
start_routine@i                cstackBANK0  000094
start_routine@i_876            cstackBANK0  000096
start_routine@i_884            cstackBANK0  000098
start_routine@i_896            cstackBANK0  0000AC
start_routine@i_899            cstackBANK0  0000A3
start_routine@i_902            cstackBANK0  00009A
start_routine@i_905            cstackBANK0  00009C
start_routine@i_908            cstackBANK0  00009E
start_routine@i_909            cstackBANK0  0000A5
start_routine@l                cstackBANK0  00008F
start_routine@n                cstackBANK0  0000B0
start_routine@new_I2C_address  cstackBANK0  0000B1
start_routine@v                cstackBANK0  000093
start_routine@x                cstackBANK0  0000AF


FUNCTION INFORMATION:

 *************** function _main *****************
 Defined at:
		line 47 in file "main.c"
 Parameters:    Size  Location     Type
		None
 Auto vars:     Size  Location     Type
  i               2   28[BANK1 ] int 
  i               2   26[BANK1 ] int 
  i               2   24[BANK1 ] int 
  i               2   35[BANK1 ] int 
  i               2   33[BANK1 ] int 
  c              10    0[BANK1 ] unsigned char [10]
  i               2   39[BANK1 ] int 
  i               2   22[BANK1 ] int 
  i               2   43[BANK1 ] int 
  i               2   45[BANK1 ] int 
  i               2   19[BANK1 ] int 
  i               2   41[BANK1 ] int 
  buffer          9   10[BANK1 ] unsigned char [9]
  credential_s    1   31[BANK1 ] unsigned char 
  i               2   37[BANK1 ] int 
  digits          1   47[BANK1 ] unsigned char 
  a               1   32[BANK1 ] unsigned char 
  is_leading_z    1   30[BANK1 ] unsigned char 
  n_c             1   21[BANK1 ] unsigned char 
  x               1   50[BANK1 ] unsigned char 
  n               1   49[BANK1 ] unsigned char 
  p               1   48[BANK1 ] unsigned char 
 Return value:  Size  Location     Type
                  1    wreg      void 
 Registers used:
		wreg, fsr0l, fsr0h, fsr1l, fsr1h, fsr2l, fsr2h, status,2, status,0, tblptrl, tblptrh, tblptru, prodl, prodh, cstack
 Tracked objects:
		On entry : 
		On exit  : 
		Unchanged: 
 Data sizes:     COMRAM   BANK0   BANK1   BANK2   BANK3   BANK4   BANK5
      Params:         0       0       0       0       0       0       0
      Locals:         0       0      51       0       0       0       0
      Temps:          0       8       0       0       0       0       0
      Totals:         0       8      51       0       0       0       0
Total ram usage:       59 bytes
 Hardware stack levels required when called:    6
 This function calls:
		_Lcd_Clear
		_Lcd_Init
		_Lcd_Set_Cursor
		_Lcd_Write_Char
		_Lcd_Write_String
		___awdiv
		_latch_keypad
		_load_i2c_registers
		_mcu_initialise
		_menu_progress_bar
		_read_keypad
		_start_routine
 This function is called by:
		Startup code after reset
 This function uses a non-reentrant model


 *************** function _start_routine *****************
 Defined at:
		line 423 in file "main.c"
 Parameters:    Size  Location     Type
		None
 Auto vars:     Size  Location     Type
  i               2   23[BANK0 ] int 
  i               2   16[BANK0 ] int 
  i               2   14[BANK0 ] int 
  i               2   12[BANK0 ] int 
  i               2   21[BANK0 ] int 
  i               2   30[BANK0 ] int 
  b               3   18[BANK0 ] unsigned char [3]
  error_msg       2    2[BANK0 ] PTR unsigned char 
		 -> STR_28(17), STR_27(17), 
  new_I2C_addr    1   35[BANK0 ] unsigned char 
  I2C_new_ADDR    3   25[BANK0 ] unsigned char [3]
  i               2   10[BANK0 ] int 
  i               2    8[BANK0 ] int 
  i               2    6[BANK0 ] int 
  n               1   34[BANK0 ] unsigned char 
  x               1   33[BANK0 ] unsigned char 
  dh              1   32[BANK0 ] unsigned char 
  dt              1   29[BANK0 ] unsigned char 
  a               1   28[BANK0 ] unsigned char 
  v               1    5[BANK0 ] unsigned char 
  d1              1    4[BANK0 ] unsigned char 
  l               1    1[BANK0 ] unsigned char 
  h               1    0[BANK0 ] unsigned char 
 Return value:  Size  Location     Type
                  1    wreg      void 
 Registers used:
		wreg, fsr0l, fsr0h, fsr1l, fsr1h, fsr2l, fsr2h, status,2, status,0, tblptrl, tblptrh, tblptru, prodl, prodh, cstack
 Tracked objects:
		On entry : 
		On exit  : 
		Unchanged: 
 Data sizes:     COMRAM   BANK0   BANK1   BANK2   BANK3   BANK4   BANK5
      Params:         0       0       0       0       0       0       0
      Locals:         0      36       0       0       0       0       0
      Temps:          4       0       0       0       0       0       0
      Totals:         4      36       0       0       0       0       0
Total ram usage:       40 bytes
 Hardware stack levels used:    1
 Hardware stack levels required when called:    5
 This function calls:
		_Eeprom_Write_Byte
		_Lcd_Clear
		_Lcd_Set_Cursor
		_Lcd_Write_Char
		_Lcd_Write_String
		___awdiv
		_latch_keypad
		_menu_progress_bar
		_read_keypad
 This function is called by:
		_main
 This function uses a non-reentrant model


 *************** function _menu_progress_bar *****************
 Defined at:
		line 85 in file "menu.h"
 Parameters:    Size  Location     Type
  load_time_ms    2   28[COMRAM] unsigned short 
 Auto vars:     Size  Location     Type
  ii              2   38[COMRAM] int 
  i               2   46[COMRAM] int 
  i               2   44[COMRAM] int 
  i               2   42[COMRAM] int 
  i               2   40[COMRAM] int 
  d               4   34[COMRAM] unsigned long 
 Return value:  Size  Location     Type
                  1    wreg      void 
 Registers used:
		wreg, fsr0l, fsr0h, status,2, status,0, tblptrl, tblptrh, tblptru, prodl, prodh, cstack
 Tracked objects:
		On entry : 
		On exit  : 
		Unchanged: 
 Data sizes:     COMRAM   BANK0   BANK1   BANK2   BANK3   BANK4   BANK5
      Params:         2       0       0       0       0       0       0
      Locals:        14       0       0       0       0       0       0
      Temps:          4       0       0       0       0       0       0
      Totals:        20       0       0       0       0       0       0
Total ram usage:       20 bytes
 Hardware stack levels used:    1
 Hardware stack levels required when called:    4
 This function calls:
		_Lcd_Clear
		_Lcd_Set_Cursor
		_Lcd_Write_Char
		_Lcd_Write_String
		___lwdiv
		___wmul
 This function is called by:
		_main
		_start_routine
 This function uses a non-reentrant model


 *************** function ___wmul *****************
 Defined at:
		line 15 in file "C:\Program Files (x86)\Microchip\xc8\v1.37\sources\common\Umul16.c"
 Parameters:    Size  Location     Type
  multiplier      2   22[COMRAM] unsigned int 
  multiplicand    2   24[COMRAM] unsigned int 
 Auto vars:     Size  Location     Type
  product         2   26[COMRAM] unsigned int 
 Return value:  Size  Location     Type
                  2   22[COMRAM] unsigned int 
 Registers used:
		wreg, status,2, status,0, prodl, prodh
 Tracked objects:
		On entry : 
		On exit  : 
		Unchanged: 
 Data sizes:     COMRAM   BANK0   BANK1   BANK2   BANK3   BANK4   BANK5
      Params:         4       0       0       0       0       0       0
      Locals:         2       0       0       0       0       0       0
      Temps:          0       0       0       0       0       0       0
      Totals:         6       0       0       0       0       0       0
Total ram usage:        6 bytes
 Hardware stack levels used:    1
 Hardware stack levels required when called:    1
 This function calls:
		Nothing
 This function is called by:
		_menu_progress_bar
		_menu_seconds_to_mmss
 This function uses a non-reentrant model


 *************** function ___lwdiv *****************
 Defined at:
		line 8 in file "C:\Program Files (x86)\Microchip\xc8\v1.37\sources\common\lwdiv.c"
 Parameters:    Size  Location     Type
  dividend        2   15[COMRAM] unsigned int 
  divisor         2   17[COMRAM] unsigned int 
 Auto vars:     Size  Location     Type
  quotient        2   20[COMRAM] unsigned int 
  counter         1   19[COMRAM] unsigned char 
 Return value:  Size  Location     Type
                  2   15[COMRAM] unsigned int 
 Registers used:
		wreg, status,2, status,0
 Tracked objects:
		On entry : 
		On exit  : 
		Unchanged: 
 Data sizes:     COMRAM   BANK0   BANK1   BANK2   BANK3   BANK4   BANK5
      Params:         4       0       0       0       0       0       0
      Locals:         3       0       0       0       0       0       0
      Temps:          0       0       0       0       0       0       0
      Totals:         7       0       0       0       0       0       0
Total ram usage:        7 bytes
 Hardware stack levels used:    1
 Hardware stack levels required when called:    1
 This function calls:
		Nothing
 This function is called by:
		_menu_progress_bar
		_menu_seconds_to_mmss
 This function uses a non-reentrant model


 *************** function _Lcd_Write_String *****************
 Defined at:
		line 111 in file "lcd.h"
 Parameters:    Size  Location     Type
  a               2   19[COMRAM] PTR unsigned char 
		 -> STR_28(17), STR_27(17), STR_26(17), STR_25(2), 
		 -> STR_24(5), STR_23(17), STR_22(17), STR_21(17), 
		 -> STR_20(17), STR_19(17), STR_18(11), STR_17(6), 
		 -> STR_16(5), STR_15(17), STR_14(17), STR_13(17), 
		 -> STR_12(2), STR_11(15), STR_10(17), STR_9(17), 
		 -> STR_8(17), STR_7(17), STR_6(17), STR_5(17), 
		 -> STR_4(17), STR_3(17), STR_2(17), STR_1(2), 
		 -> RAM(1535), 
 Auto vars:     Size  Location     Type
  i               2   23[COMRAM] int 
 Return value:  Size  Location     Type
                  1    wreg      void 
 Registers used:
		wreg, fsr0l, fsr0h, status,2, status,0, tblptrl, tblptrh, tblptru, cstack
 Tracked objects:
		On entry : 
		On exit  : 
		Unchanged: 
 Data sizes:     COMRAM   BANK0   BANK1   BANK2   BANK3   BANK4   BANK5
      Params:         2       0       0       0       0       0       0
      Locals:         2       0       0       0       0       0       0
      Temps:          2       0       0       0       0       0       0
      Totals:         6       0       0       0       0       0       0
Total ram usage:        6 bytes
 Hardware stack levels used:    1
 Hardware stack levels required when called:    3
 This function calls:
		_Lcd_Write_Char
 This function is called by:
		_menu_progress_bar
		_main
		_start_routine
		_menu_animation_i2c
 This function uses a non-reentrant model


 *************** function _Lcd_Write_Char *****************
 Defined at:
		line 95 in file "lcd.h"
 Parameters:    Size  Location     Type
  a               1    wreg     unsigned char 
 Auto vars:     Size  Location     Type
  a               1   18[COMRAM] unsigned char 
  y               1   17[COMRAM] unsigned char 
  temp            1   16[COMRAM] unsigned char 
 Return value:  Size  Location     Type
                  1    wreg      void 
 Registers used:
		wreg, status,2, status,0, cstack
 Tracked objects:
		On entry : 
		On exit  : 
		Unchanged: 
 Data sizes:     COMRAM   BANK0   BANK1   BANK2   BANK3   BANK4   BANK5
      Params:         0       0       0       0       0       0       0
      Locals:         3       0       0       0       0       0       0
      Temps:          0       0       0       0       0       0       0
      Totals:         3       0       0       0       0       0       0
Total ram usage:        3 bytes
 Hardware stack levels used:    1
 Hardware stack levels required when called:    2
 This function calls:
		_Lcd_Port
 This function is called by:
		_Lcd_Write_String
		_menu_progress_bar
		_main
		_start_routine
		_menu_main
 This function uses a non-reentrant model


 *************** function _Lcd_Set_Cursor *****************
 Defined at:
		line 55 in file "lcd.h"
 Parameters:    Size  Location     Type
  a               1    wreg     unsigned char 
  b               1   17[COMRAM] unsigned char 
 Auto vars:     Size  Location     Type
  a               1   18[COMRAM] unsigned char 
  temp            1   21[COMRAM] unsigned char 
  y               1   20[COMRAM] unsigned char 
  z               1   19[COMRAM] unsigned char 
 Return value:  Size  Location     Type
                  1    wreg      void 
 Registers used:
		wreg, status,2, status,0, cstack
 Tracked objects:
		On entry : 
		On exit  : 
		Unchanged: 
 Data sizes:     COMRAM   BANK0   BANK1   BANK2   BANK3   BANK4   BANK5
      Params:         1       0       0       0       0       0       0
      Locals:         4       0       0       0       0       0       0
      Temps:          0       0       0       0       0       0       0
      Totals:         5       0       0       0       0       0       0
Total ram usage:        5 bytes
 Hardware stack levels used:    1
 Hardware stack levels required when called:    3
 This function calls:
		_Lcd_Cmd
 This function is called by:
		_menu_progress_bar
		_main
		_start_routine
		_menu_main
		_menu_animation_i2c
 This function uses a non-reentrant model


 *************** function _Lcd_Clear *****************
 Defined at:
		line 48 in file "lcd.h"
 Parameters:    Size  Location     Type
		None
 Auto vars:     Size  Location     Type
		None
 Return value:  Size  Location     Type
                  1    wreg      void 
 Registers used:
		wreg, status,2, cstack
 Tracked objects:
		On entry : 
		On exit  : 
		Unchanged: 
 Data sizes:     COMRAM   BANK0   BANK1   BANK2   BANK3   BANK4   BANK5
      Params:         0       0       0       0       0       0       0
      Locals:         0       0       0       0       0       0       0
      Temps:          1       0       0       0       0       0       0
      Totals:         1       0       0       0       0       0       0
Total ram usage:        1 bytes
 Hardware stack levels used:    1
 Hardware stack levels required when called:    3
 This function calls:
		_Lcd_Cmd
 This function is called by:
		_menu_progress_bar
		_main
		_start_routine
 This function uses a non-reentrant model


 *************** function _latch_keypad *****************
 Defined at:
		line 324 in file "main.c"
 Parameters:    Size  Location     Type
  x               2   15[COMRAM] PTR unsigned char 
		 -> start_routine@x(1), main@x(1), 
 Auto vars:     Size  Location     Type
		None
 Return value:  Size  Location     Type
                  1    wreg      void 
 Registers used:
		wreg, fsr2l, fsr2h, status,2, status,0, cstack
 Tracked objects:
		On entry : 
		On exit  : 
		Unchanged: 
 Data sizes:     COMRAM   BANK0   BANK1   BANK2   BANK3   BANK4   BANK5
      Params:         2       0       0       0       0       0       0
      Locals:         0       0       0       0       0       0       0
      Temps:          2       0       0       0       0       0       0
      Totals:         4       0       0       0       0       0       0
Total ram usage:        4 bytes
 Hardware stack levels used:    1
 Hardware stack levels required when called:    2
 This function calls:
		_read_keypad
 This function is called by:
		_main
		_start_routine
 This function uses a non-reentrant model


 *************** function _read_keypad *****************
 Defined at:
		line 301 in file "main.c"
 Parameters:    Size  Location     Type
		None
 Auto vars:     Size  Location     Type
		None
 Return value:  Size  Location     Type
                  1    wreg      unsigned char 
 Registers used:
		wreg, status,2
 Tracked objects:
		On entry : 
		On exit  : 
		Unchanged: 
 Data sizes:     COMRAM   BANK0   BANK1   BANK2   BANK3   BANK4   BANK5
      Params:         0       0       0       0       0       0       0
      Locals:         0       0       0       0       0       0       0
      Temps:          0       0       0       0       0       0       0
      Totals:         0       0       0       0       0       0       0
Total ram usage:        0 bytes
 Hardware stack levels used:    1
 Hardware stack levels required when called:    1
 This function calls:
		Nothing
 This function is called by:
		_main
		_latch_keypad
		_start_routine
 This function uses a non-reentrant model


 *************** function _Eeprom_Write_Byte *****************
 Defined at:
		line 43 in file "eeprom.h"
 Parameters:    Size  Location     Type
  address         1    wreg     unsigned char 
  data            1   15[COMRAM] unsigned char 
 Auto vars:     Size  Location     Type
  address         1   16[COMRAM] unsigned char 
 Return value:  Size  Location     Type
                  1    wreg      void 
 Registers used:
		wreg, status,2
 Tracked objects:
		On entry : 
		On exit  : 
		Unchanged: 
 Data sizes:     COMRAM   BANK0   BANK1   BANK2   BANK3   BANK4   BANK5
      Params:         1       0       0       0       0       0       0
      Locals:         1       0       0       0       0       0       0
      Temps:          0       0       0       0       0       0       0
      Totals:         2       0       0       0       0       0       0
Total ram usage:        2 bytes
 Hardware stack levels used:    1
 Hardware stack levels required when called:    1
 This function calls:
		Nothing
 This function is called by:
		_start_routine
 This function uses a non-reentrant model


 *************** function _mcu_initialise *****************
 Defined at:
		line 271 in file "main.c"
 Parameters:    Size  Location     Type
		None
 Auto vars:     Size  Location     Type
		None
 Return value:  Size  Location     Type
                  1    wreg      void 
 Registers used:
		wreg, status,2, status,0, prodl, prodh, cstack
 Tracked objects:
		On entry : 
		On exit  : 
		Unchanged: 
 Data sizes:     COMRAM   BANK0   BANK1   BANK2   BANK3   BANK4   BANK5
      Params:         0       0       0       0       0       0       0
      Locals:         0       0       0       0       0       0       0
      Temps:          0       0       0       0       0       0       0
      Totals:         0       0       0       0       0       0       0
Total ram usage:        0 bytes
 Hardware stack levels used:    1
 Hardware stack levels required when called:    2
 This function calls:
		_Eeprom_Read_Byte
 This function is called by:
		_main
 This function uses a non-reentrant model


 *************** function _Eeprom_Read_Byte *****************
 Defined at:
		line 20 in file "eeprom.h"
 Parameters:    Size  Location     Type
  address         1    wreg     unsigned char 
 Auto vars:     Size  Location     Type
  address         1   15[COMRAM] unsigned char 
 Return value:  Size  Location     Type
                  1    wreg      unsigned char 
 Registers used:
		wreg, status,2
 Tracked objects:
		On entry : 
		On exit  : 
		Unchanged: 
 Data sizes:     COMRAM   BANK0   BANK1   BANK2   BANK3   BANK4   BANK5
      Params:         0       0       0       0       0       0       0
      Locals:         1       0       0       0       0       0       0
      Temps:          0       0       0       0       0       0       0
      Totals:         1       0       0       0       0       0       0
Total ram usage:        1 bytes
 Hardware stack levels used:    1
 Hardware stack levels required when called:    1
 This function calls:
		Nothing
 This function is called by:
		_mcu_initialise
 This function uses a non-reentrant model


 *************** function _load_i2c_registers *****************
 Defined at:
		line 333 in file "main.c"
 Parameters:    Size  Location     Type
		None
 Auto vars:     Size  Location     Type
  i               2   29[COMRAM] int 
  i               2   33[COMRAM] int 
  i               2   31[COMRAM] int 
  checksum        2   27[COMRAM] int 
 Return value:  Size  Location     Type
                  1    wreg      void 
 Registers used:
		wreg, fsr1l, fsr1h, fsr2l, fsr2h, status,2, status,0, cstack
 Tracked objects:
		On entry : 
		On exit  : 
		Unchanged: 
 Data sizes:     COMRAM   BANK0   BANK1   BANK2   BANK3   BANK4   BANK5
      Params:         0       0       0       0       0       0       0
      Locals:         8       0       0       0       0       0       0
      Temps:          4       0       0       0       0       0       0
      Totals:        12       0       0       0       0       0       0
Total ram usage:       12 bytes
 Hardware stack levels used:    1
 Hardware stack levels required when called:    2
 This function calls:
		___awdiv
 This function is called by:
		_main
 This function uses a non-reentrant model


 *************** function ___awdiv *****************
 Defined at:
		line 8 in file "C:\Program Files (x86)\Microchip\xc8\v1.37\sources\common\awdiv.c"
 Parameters:    Size  Location     Type
  dividend        2   15[COMRAM] int 
  divisor         2   17[COMRAM] int 
 Auto vars:     Size  Location     Type
  quotient        2   21[COMRAM] int 
  sign            1   20[COMRAM] unsigned char 
  counter         1   19[COMRAM] unsigned char 
 Return value:  Size  Location     Type
                  2   15[COMRAM] int 
 Registers used:
		wreg, status,2, status,0
 Tracked objects:
		On entry : 
		On exit  : 
		Unchanged: 
 Data sizes:     COMRAM   BANK0   BANK1   BANK2   BANK3   BANK4   BANK5
      Params:         4       0       0       0       0       0       0
      Locals:         4       0       0       0       0       0       0
      Temps:          0       0       0       0       0       0       0
      Totals:         8       0       0       0       0       0       0
Total ram usage:        8 bytes
 Hardware stack levels used:    1
 Hardware stack levels required when called:    1
 This function calls:
		Nothing
 This function is called by:
		_main
		_load_i2c_registers
		_start_routine
 This function uses a non-reentrant model


 *************** function _Lcd_Init *****************
 Defined at:
		line 76 in file "lcd.h"
 Parameters:    Size  Location     Type
		None
 Auto vars:     Size  Location     Type
		None
 Return value:  Size  Location     Type
                  1    wreg      void 
 Registers used:
		wreg, status,2, cstack
 Tracked objects:
		On entry : 
		On exit  : 
		Unchanged: 
 Data sizes:     COMRAM   BANK0   BANK1   BANK2   BANK3   BANK4   BANK5
      Params:         0       0       0       0       0       0       0
      Locals:         0       0       0       0       0       0       0
      Temps:          1       0       0       0       0       0       0
      Totals:         1       0       0       0       0       0       0
Total ram usage:        1 bytes
 Hardware stack levels used:    1
 Hardware stack levels required when called:    3
 This function calls:
		_Lcd_Cmd
		_Lcd_Port
 This function is called by:
		_main
 This function uses a non-reentrant model


 *************** function _Lcd_Cmd *****************
 Defined at:
		line 38 in file "lcd.h"
 Parameters:    Size  Location     Type
  a               1    wreg     unsigned char 
 Auto vars:     Size  Location     Type
  a               1   16[COMRAM] unsigned char 
 Return value:  Size  Location     Type
                  1    wreg      void 
 Registers used:
		wreg, status,2, cstack
 Tracked objects:
		On entry : 
		On exit  : 
		Unchanged: 
 Data sizes:     COMRAM   BANK0   BANK1   BANK2   BANK3   BANK4   BANK5
      Params:         0       0       0       0       0       0       0
      Locals:         1       0       0       0       0       0       0
      Temps:          0       0       0       0       0       0       0
      Totals:         1       0       0       0       0       0       0
Total ram usage:        1 bytes
 Hardware stack levels used:    1
 Hardware stack levels required when called:    2
 This function calls:
		_Lcd_Port
 This function is called by:
		_Lcd_Clear
		_Lcd_Set_Cursor
		_Lcd_Init
		_Lcd_Shift_Right
		_Lcd_Shift_Left
 This function uses a non-reentrant model


 *************** function _Lcd_Port *****************
 Defined at:
		line 16 in file "lcd.h"
 Parameters:    Size  Location     Type
  a               1    wreg     unsigned char 
 Auto vars:     Size  Location     Type
  a               1   15[COMRAM] unsigned char 
 Return value:  Size  Location     Type
                  1    wreg      void 
 Registers used:
		wreg
 Tracked objects:
		On entry : 
		On exit  : 
		Unchanged: 
 Data sizes:     COMRAM   BANK0   BANK1   BANK2   BANK3   BANK4   BANK5
      Params:         0       0       0       0       0       0       0
      Locals:         1       0       0       0       0       0       0
      Temps:          0       0       0       0       0       0       0
      Totals:         1       0       0       0       0       0       0
Total ram usage:        1 bytes
 Hardware stack levels used:    1
 Hardware stack levels required when called:    1
 This function calls:
		Nothing
 This function is called by:
		_Lcd_Cmd
		_Lcd_Init
		_Lcd_Write_Char
 This function uses a non-reentrant model


 *************** function _ISR *****************
 Defined at:
		line 361 in file "main.c"
 Parameters:    Size  Location     Type
		None
 Auto vars:     Size  Location     Type
  sspBuf          1   14[COMRAM] unsigned char 
 Return value:  Size  Location     Type
                  1    wreg      void 
 Registers used:
		wreg, fsr2l, fsr2h, status,2, status,0, prodl, prodh
 Tracked objects:
		On entry : 
		On exit  : 
		Unchanged: 
 Data sizes:     COMRAM   BANK0   BANK1   BANK2   BANK3   BANK4   BANK5
      Params:         0       0       0       0       0       0       0
      Locals:         1       0       0       0       0       0       0
      Temps:         14       0       0       0       0       0       0
      Totals:        15       0       0       0       0       0       0
Total ram usage:       15 bytes
 Hardware stack levels used:    1
 This function calls:
		Nothing
 This function is called by:
		Interrupt level 2
 This function uses a non-reentrant model



MODULE INFORMATION

Module		Function		Class		Link	Load	Size
C:\Program Files (x86)\Microchip\xc8\v1.37\sources\common\Umul16.c
		___wmul        		CODE           	1A4A	0000	39

C:\Program Files (x86)\Microchip\xc8\v1.37\sources\common\Umul16.c estimated size: 39

C:\Program Files (x86)\Microchip\xc8\v1.37\sources\common\lwdiv.c
		___lwdiv       		CODE           	185C	0000	83

C:\Program Files (x86)\Microchip\xc8\v1.37\sources\common\lwdiv.c estimated size: 83

C:\Program Files (x86)\Microchip\xc8\v1.37\sources\common\awdiv.c
		___awdiv       		CODE           	1670	0000	133

C:\Program Files (x86)\Microchip\xc8\v1.37\sources\common\awdiv.c estimated size: 133

eeprom.h
		_Eeprom_Read_Byte		CODE           	1AE6	0000	21
		_Eeprom_Write_Byte		CODE           	1A70	0000	37

eeprom.h estimated size: 58

shared
		__initialization		CODE           	16F4	0000	113

shared estimated size: 113

menu.h
		_menu_progress_bar		CODE           	1374	0000	365

menu.h estimated size: 365

lcd.h
		_Lcd_Write_String		CODE           	17EA	0000	115
		_Lcd_Init      		CODE           	1772	0000	121
		_Lcd_Write_Char		CODE           	1950	0000	57
		_Lcd_Cmd       		CODE           	1ACE	0000	25
		_Lcd_Set_Cursor		CODE           	1900	0000	81
		_Lcd_Clear     		CODE           	1A94	0000	33
		_Lcd_Port      		CODE           	1A1E	0000	45

lcd.h estimated size: 477

main.c
		_latch_keypad  		CODE           	1988	0000	57
		_load_i2c_registers		CODE           	14E0	0000	237
		_ISR           		CODE           	0008	0000	247
		_main          		CODE           	0102	0000	2803
		_read_keypad   		CODE           	15CC	0000	165
		_start_routine 		CODE           	0BF4	0000	1921
		_mcu_initialise		CODE           	18AE	0000	83

main.c estimated size: 5513

